../Core/Src/main.c:97:5:main	8	static
../Core/Src/main.c:161:6:SystemClock_Config	88	static
../Core/Src/main.c:216:13:MX_ADC1_Init	24	static
../Core/Src/main.c:268:13:MX_I2C1_Init	8	static
../Core/Src/main.c:302:13:MX_TIM2_Init	64	static
../Core/Src/main.c:361:13:MX_USART2_UART_Init	8	static
../Core/Src/main.c:392:13:MX_DMA_Init	16	static
../Core/Src/main.c:410:13:MX_GPIO_Init	48	static
../Core/Src/main.c:456:6:Motor_Rotate_To_Angle	80	static
../Core/Src/main.c:574:8:Get_Actual_Angle	112	static
../Core/Src/main.c:632:6:HAL_I2C_SlaveRxCpltCallback	16	static
../Core/Src/main.c:647:6:Error_Handler	4	static,ignoring_inline_asm
